// Jest Snapshot v1, https://goo.gl/fbAQLP

exports[`The <AppTab /> Component renders without crashing passing props 1`] = `
<div
  className="app-tab"
/>
`;
